============================= test session starts =============================
platform win32 -- Python 3.12.11, pytest-7.4.4, pluggy-1.6.0 -- C:\Users\me\miniforge3\python.exe
cachedir: .pytest_cache
rootdir: D:\Devel\Rosey-Robot
configfile: pytest.ini
plugins: anyio-4.11.0, asyncio-0.23.8, cov-7.0.0, mock-3.15.1
asyncio: mode=Mode.AUTO
collecting ... collected 12 items

tests/integration/test_sprint9_integration.py::TestUserJoinedFlow::test_user_joined_publishes_to_nats PASSED [  8%]
tests/integration/test_sprint9_integration.py::TestUserJoinedFlow::test_multiple_users_joined PASSED [ 16%]
tests/integration/test_sprint9_integration.py::TestChatMessageFlow::test_chat_message_published_and_stored PASSED [ 25%]
tests/integration/test_sprint9_integration.py::TestChatMessageFlow::test_multiple_messages_ordered PASSED [ 33%]
tests/integration/test_sprint9_integration.py::TestUserCountFlow::test_usercount_published_and_stored PASSED [ 41%]
tests/integration/test_sprint9_integration.py::TestMediaPlayedFlow::test_media_played_published PASSED [ 50%]
tests/integration/test_sprint9_integration.py::TestRequestReplyFlow::test_query_user_stats_via_nats XFAIL [ 58%]
tests/integration/test_sprint9_integration.py::TestEventNormalization::test_cytube_event_normalized_and_published XFAILXX) [ 66%]
tests/integration/test_sprint9_integration.py::TestServiceResilience::test_bot_continues_without_database_service XPASS [ 75%]
tests/integration/test_sprint9_integration.py::TestServiceResilience::test_database_service_recovers_after_restart XFAIL [ 83%]
tests/integration/test_sprint9_integration.py::TestPerformance::test_high_throughput_messages PASSED [ 91%]
tests/integration/test_sprint9_integration.py::TestPerformance::test_latency_overhead PASSED [100%]

============ 8 passed, 3 xfailed, 1 xpassed, 12 warnings in 6.27s =============
